2026-09-22T20:30:16.142556Z  INFO herdr::logging: herdr starting event="app.startup" subsystem="client" outcome="started" pid=93454
2026-09-22T20:30:16.142616Z  INFO herdr::client: connecting to server path=/Users/dsuo/.config/herdr/herdr-client.sock
2026-09-22T20:30:16.203706Z  INFO herdr::client::handshake: endpoint handshake succeeded generation=1 server_version=0.9.1
2026-09-22T20:43:33.018185Z  INFO herdr::logging: herdr exiting event="app.shutdown" subsystem="client" outcome="completed" pid=93454
2026-09-22T20:43:36.628379Z  INFO herdr::logging: herdr starting event="app.startup" subsystem="client" outcome="started" pid=95167
2026-09-22T20:43:36.628413Z  INFO herdr::client: connecting to server path=/Users/dsuo/.config/herdr/herdr-client.sock
2026-09-22T20:43:36.816008Z  INFO herdr::client::handshake: endpoint handshake succeeded generation=1 server_version=0.9.1
2026-09-22T20:55:58.252177Z  INFO herdr::logging: herdr exiting event="app.shutdown" subsystem="client" outcome="completed" pid=95167
2026-09-22T20:56:01.848102Z  INFO herdr::logging: herdr starting event="app.startup" subsystem="client" outcome="started" pid=97433
2026-09-22T20:56:01.848133Z  INFO herdr::client: connecting to server path=/Users/dsuo/.config/herdr/herdr-client.sock
2026-09-22T20:56:02.032684Z  INFO herdr::client::handshake: endpoint handshake succeeded generation=1 server_version=0.9.1
2026-09-22T20:56:03.560787Z  INFO herdr::logging: herdr exiting event="app.shutdown" subsystem="client" outcome="completed" pid=97433
2026-09-22T20:59:58.326669Z  INFO herdr::logging: herdr starting event="app.startup" subsystem="client" outcome="started" pid=98183
2026-09-22T20:59:58.326878Z  INFO herdr::client: connecting to server path=/Users/dsuo/.config/herdr/herdr-client.sock
2026-09-22T20:59:58.378990Z  INFO herdr::client::handshake: endpoint handshake succeeded generation=1 server_version=0.9.1
2026-09-22T21:01:44.402333Z  INFO herdr::client: client terminal unavailable; detaching err=Inappropriate ioctl for device (os error 25)
2026-09-22T21:01:44.403494Z  INFO herdr::logging: herdr exiting event="app.shutdown" subsystem="client" outcome="completed" pid=98183
2026-09-22T21:06:53.592011Z  INFO herdr::logging: herdr starting event="app.startup" subsystem="client" outcome="started" pid=1127
2026-09-22T21:06:53.592545Z  INFO herdr::client: connecting to server path=/Users/dsuo/.config/herdr/herdr-client.sock
2026-09-22T21:06:53.803399Z  INFO herdr::client::handshake: endpoint handshake succeeded generation=1 server_version=0.9.1
2026-09-22T21:07:59.858890Z  INFO herdr::logging: herdr starting event="app.startup" subsystem="client" outcome="started" pid=1318
2026-09-22T21:07:59.859057Z  INFO herdr::client: connecting to server path=/var/folders/9c/5rkn090x0c73bh13hgnk2d2m00ql75/T/herdr-remote-1239-dsuo.c.googlers.com-default.sock
2026-09-22T21:08:37.620908Z  INFO herdr::logging: herdr exiting event="app.shutdown" subsystem="client" outcome="completed" pid=1127
2026-09-22T21:08:46.727484Z  INFO herdr::logging: herdr starting event="app.startup" subsystem="client" outcome="started" pid=1438
2026-09-22T21:08:46.727513Z  INFO herdr::client: connecting to server path=/Users/dsuo/.config/herdr/herdr-client.sock
2026-09-22T21:08:46.937091Z  INFO herdr::client::handshake: endpoint handshake succeeded generation=1 server_version=0.9.1
2026-09-22T21:08:57.386059Z  INFO herdr::logging: herdr starting event="app.startup" subsystem="client" outcome="started" pid=1523
2026-09-22T21:08:57.386133Z  INFO herdr::client: connecting to server path=/var/folders/9c/5rkn090x0c73bh13hgnk2d2m00ql75/T/herdr-remote-1402-dsuo.c.googlers.com-default.sock
2026-09-22T21:08:59.614303Z  INFO herdr::client::handshake: endpoint handshake succeeded generation=1 server_version=0.9.1
2026-09-22T21:22:27.419701Z  WARN herdr::client: endpoint transport failed endpoint=local error=connection was lost
2026-09-22T21:22:27.420985Z  INFO herdr::logging: herdr exiting event="app.shutdown" subsystem="client" outcome="completed" pid=1523
2026-09-23T17:18:53.364073Z  INFO herdr::client: client terminal unavailable; detaching err=Inappropriate ioctl for device (os error 25)
2026-09-23T17:18:53.365132Z  INFO herdr::logging: herdr exiting event="app.shutdown" subsystem="client" outcome="completed" pid=1438
