2026-09-22T20:30:16.050163Z  INFO herdr::server::headless::bootstrap: server using persistent user service context
2026-09-22T20:30:16.050730Z  INFO herdr::platform::macos: raised server file descriptor soft limit previous=256 target=8192
2026-09-22T20:30:16.053520Z  INFO herdr::api::server: api server listening path=/Users/dsuo/.config/herdr/herdr.sock
2026-09-22T20:30:16.055347Z  INFO herdr::persist::io: session file is missing event="persist.restore" subsystem="persist" outcome="missing" path=/Users/dsuo/.config/herdr/session.json
2026-09-22T20:30:16.055453Z  INFO herdr::app: using pane scrollback configuration pane_scrollback_limit_bytes=10000000
2026-09-22T20:30:16.079923Z  INFO herdr::logging: checking for updates event="update.check.start" subsystem="update" outcome="started"
2026-09-22T20:30:16.082460Z  INFO herdr::logging: spawning pane terminal event="pane.spawn.start" subsystem="pane" outcome="started" pane_id=1 rows=40 cols=120 scrollback_limit_bytes=10000000
2026-09-22T20:30:16.088122Z  INFO herdr::logging: pane child spawned event="pane.spawned" subsystem="pane" outcome="ok" pane_id=1 pid=93476
2026-09-22T20:30:16.089415Z  INFO herdr::logging: workspace created event="workspace.create" subsystem="workspace" outcome="ok" workspace_id="w1" pane_id=1
2026-09-22T20:30:16.089526Z  INFO herdr::logging: workspace focused event="workspace.focus" subsystem="workspace" outcome="ok" workspace_id="w1"
2026-09-22T20:30:16.089533Z  INFO herdr::logging: tab focused event="tab.focus" subsystem="tab" outcome="ok" workspace_id="w1" tab_id="w1:t1"
2026-09-22T20:30:16.089985Z  INFO herdr::server::headless::bootstrap: created startup workspace cwd=/Users/dsuo
2026-09-22T20:30:16.090349Z  INFO herdr::server::headless: client protocol socket listening path=/Users/dsuo/.config/herdr/herdr-client.sock
2026-09-22T20:30:16.090689Z  INFO herdr::server::headless::bootstrap: herdr server started api_socket=/Users/dsuo/.config/herdr/herdr.sock client_socket=/Users/dsuo/.config/herdr/herdr-client.sock
2026-09-22T20:30:16.091525Z  INFO herdr::logging: herdr starting event="app.startup" subsystem="server" outcome="started" pid=93455
2026-09-22T20:30:16.203579Z  INFO herdr::server::headless: client connected client_id=2 cols=73 rows=33 cell_width_px=16 cell_height_px=35 surface_active=true render_encoding=SemanticFrame
2026-09-22T20:30:21.097441Z  INFO herdr::logging: session saved event="persist.save" subsystem="persist" outcome="ok" path=/Users/dsuo/.config/herdr/session.json workspaces=1
2026-09-22T20:37:00.167176Z  INFO herdr::logging: api request received event="api.request.start" subsystem="api" outcome="started" request_id="cli:server:reload-agent-manifests" method="server.reload_agent_manifests" changes_ui=true
2026-09-22T20:37:00.213798Z  INFO herdr::logging: api request completed event="api.request.complete" subsystem="api" outcome="ok" request_id="cli:server:reload-agent-manifests" method="server.reload_agent_manifests"
2026-09-22T20:37:00.236343Z  INFO herdr::logging: api request completed event="api.request.complete" subsystem="api" outcome="error" request_id="cli:agent:explain" method="agent.explain"
2026-09-22T20:43:33.017968Z  INFO herdr::server::headless: client detached client_id=2
2026-09-22T20:43:36.815983Z  INFO herdr::server::headless: client connected client_id=4 cols=73 rows=33 cell_width_px=16 cell_height_px=35 surface_active=true render_encoding=SemanticFrame
2026-09-22T20:43:38.539594Z  INFO herdr::logging: workspace closed event="workspace.close" subsystem="workspace" outcome="ok" workspace_id="w1"
2026-09-22T20:43:38.544003Z  INFO herdr::logging: pane child exited event="pane.exit" subsystem="pane" outcome="completed" pane_id=1 status="ExitStatus { code: 1, signal: None }"
2026-09-22T20:43:38.562185Z  INFO herdr::pane: pane session terminated pane=1 pid=93476 signal=Hangup
2026-09-22T20:43:38.563599Z  INFO herdr::logging: spawning pane terminal event="pane.spawn.start" subsystem="pane" outcome="started" pane_id=2 rows=33 cols=73 scrollback_limit_bytes=10000000
2026-09-22T20:43:38.573135Z  INFO herdr::logging: pane child spawned event="pane.spawned" subsystem="pane" outcome="ok" pane_id=2 pid=95169
2026-09-22T20:43:38.573806Z  INFO herdr::logging: workspace created event="workspace.create" subsystem="workspace" outcome="ok" workspace_id="w2" pane_id=2
2026-09-22T20:43:38.573873Z  INFO herdr::logging: workspace focused event="workspace.focus" subsystem="workspace" outcome="ok" workspace_id="w2"
2026-09-22T20:43:38.573905Z  INFO herdr::logging: tab focused event="tab.focus" subsystem="tab" outcome="ok" workspace_id="w2" tab_id="w2:t1"
2026-09-22T20:43:38.576441Z  WARN herdr::app::actions: PaneDied for unknown pane pane=1
2026-09-22T20:43:43.583299Z  INFO herdr::logging: session saved event="persist.save" subsystem="persist" outcome="ok" path=/Users/dsuo/.config/herdr/session.json workspaces=1
2026-09-22T20:44:02.264515Z  INFO herdr::logging: api request completed event="api.request.complete" subsystem="api" outcome="error" request_id="cli:agent:explain" method="agent.explain"
2026-09-22T20:44:52.993535Z  INFO herdr::logging: api request completed event="api.request.complete" subsystem="api" outcome="error" request_id="cli:agent:explain" method="agent.explain"
2026-09-22T20:55:58.252133Z  INFO herdr::server::headless: client detached client_id=4
2026-09-22T20:56:02.032710Z  INFO herdr::server::headless: client connected client_id=6 cols=73 rows=33 cell_width_px=16 cell_height_px=35 surface_active=true render_encoding=SemanticFrame
2026-09-22T20:56:03.560890Z  INFO herdr::server::headless: client detached client_id=6
2026-09-22T20:59:58.379059Z  INFO herdr::server::headless: client connected client_id=8 cols=73 rows=33 cell_width_px=16 cell_height_px=35 surface_active=true render_encoding=SemanticFrame
2026-09-22T21:00:16.111294Z  INFO herdr::logging: checking for updates event="update.check.start" subsystem="update" outcome="started"
2026-09-22T21:01:44.403356Z  INFO herdr::server::headless: client detached client_id=8
2026-09-22T21:06:53.803349Z  INFO herdr::server::headless: client connected client_id=10 cols=73 rows=33 cell_width_px=16 cell_height_px=35 surface_active=true render_encoding=SemanticFrame
2026-09-22T21:08:37.620688Z  INFO herdr::server::headless: client detached client_id=10
2026-09-22T21:08:46.937148Z  INFO herdr::server::headless: client connected client_id=12 cols=73 rows=31 cell_width_px=16 cell_height_px=35 surface_active=true render_encoding=SemanticFrame
2026-09-22T21:14:52.437903Z  INFO herdr::logging: api request completed event="api.request.complete" subsystem="api" outcome="error" request_id="cli:agent:explain" method="agent.explain"
2026-09-22T21:15:13.549950Z  INFO herdr::logging: api request completed event="api.request.complete" subsystem="api" outcome="error" request_id="cli:agent:explain" method="agent.explain"
2026-09-22T21:30:16.108158Z  INFO herdr::logging: checking for updates event="update.check.start" subsystem="update" outcome="started"
2026-09-22T22:00:16.125425Z  INFO herdr::logging: checking for updates event="update.check.start" subsystem="update" outcome="started"
2026-09-22T22:30:16.129891Z  INFO herdr::logging: checking for updates event="update.check.start" subsystem="update" outcome="started"
2026-09-22T23:00:16.088196Z  INFO herdr::logging: checking for updates event="update.check.start" subsystem="update" outcome="started"
2026-09-22T23:30:16.044796Z  INFO herdr::logging: checking for updates event="update.check.start" subsystem="update" outcome="started"
2026-09-23T00:00:16.015640Z  INFO herdr::logging: checking for updates event="update.check.start" subsystem="update" outcome="started"
2026-09-23T00:30:16.112291Z  INFO herdr::logging: checking for updates event="update.check.start" subsystem="update" outcome="started"
2026-09-23T01:00:16.077944Z  INFO herdr::logging: checking for updates event="update.check.start" subsystem="update" outcome="started"
2026-09-23T01:30:16.066904Z  INFO herdr::logging: checking for updates event="update.check.start" subsystem="update" outcome="started"
2026-09-23T02:00:16.058164Z  INFO herdr::logging: checking for updates event="update.check.start" subsystem="update" outcome="started"
2026-09-23T02:30:16.061756Z  INFO herdr::logging: checking for updates event="update.check.start" subsystem="update" outcome="started"
2026-09-23T03:00:16.062288Z  INFO herdr::logging: checking for updates event="update.check.start" subsystem="update" outcome="started"
2026-09-23T03:30:16.067885Z  INFO herdr::logging: checking for updates event="update.check.start" subsystem="update" outcome="started"
2026-09-23T04:00:16.067491Z  INFO herdr::logging: checking for updates event="update.check.start" subsystem="update" outcome="started"
2026-09-23T04:30:16.109601Z  INFO herdr::logging: checking for updates event="update.check.start" subsystem="update" outcome="started"
2026-09-23T05:00:16.105897Z  INFO herdr::logging: checking for updates event="update.check.start" subsystem="update" outcome="started"
2026-09-23T05:30:16.118313Z  INFO herdr::logging: checking for updates event="update.check.start" subsystem="update" outcome="started"
2026-09-23T06:00:16.135346Z  INFO herdr::logging: checking for updates event="update.check.start" subsystem="update" outcome="started"
2026-09-23T06:30:16.117485Z  INFO herdr::logging: checking for updates event="update.check.start" subsystem="update" outcome="started"
2026-09-23T07:00:16.105882Z  INFO herdr::logging: checking for updates event="update.check.start" subsystem="update" outcome="started"
2026-09-23T07:30:16.125496Z  INFO herdr::logging: checking for updates event="update.check.start" subsystem="update" outcome="started"
2026-09-23T08:00:16.131316Z  INFO herdr::logging: checking for updates event="update.check.start" subsystem="update" outcome="started"
2026-09-23T08:30:16.133055Z  INFO herdr::logging: checking for updates event="update.check.start" subsystem="update" outcome="started"
2026-09-23T09:00:16.138511Z  INFO herdr::logging: checking for updates event="update.check.start" subsystem="update" outcome="started"
2026-09-23T09:30:16.066639Z  INFO herdr::logging: checking for updates event="update.check.start" subsystem="update" outcome="started"
2026-09-23T10:00:16.051853Z  INFO herdr::logging: checking for updates event="update.check.start" subsystem="update" outcome="started"
2026-09-23T10:30:16.054465Z  INFO herdr::logging: checking for updates event="update.check.start" subsystem="update" outcome="started"
2026-09-23T11:00:16.129545Z  INFO herdr::logging: checking for updates event="update.check.start" subsystem="update" outcome="started"
2026-09-23T11:30:16.155637Z  INFO herdr::logging: checking for updates event="update.check.start" subsystem="update" outcome="started"
2026-09-23T12:00:16.157610Z  INFO herdr::logging: checking for updates event="update.check.start" subsystem="update" outcome="started"
2026-09-23T12:30:16.100964Z  INFO herdr::logging: checking for updates event="update.check.start" subsystem="update" outcome="started"
2026-09-23T13:00:16.073793Z  INFO herdr::logging: checking for updates event="update.check.start" subsystem="update" outcome="started"
2026-09-23T13:30:16.064041Z  INFO herdr::logging: checking for updates event="update.check.start" subsystem="update" outcome="started"
2026-09-23T14:00:16.067738Z  INFO herdr::logging: checking for updates event="update.check.start" subsystem="update" outcome="started"
2026-09-23T14:30:16.074509Z  INFO herdr::logging: checking for updates event="update.check.start" subsystem="update" outcome="started"
2026-09-23T15:00:16.076885Z  INFO herdr::logging: checking for updates event="update.check.start" subsystem="update" outcome="started"
2026-09-23T15:30:16.079355Z  INFO herdr::logging: checking for updates event="update.check.start" subsystem="update" outcome="started"
2026-09-23T16:00:16.080531Z  INFO herdr::logging: checking for updates event="update.check.start" subsystem="update" outcome="started"
2026-09-23T16:30:16.121424Z  INFO herdr::logging: checking for updates event="update.check.start" subsystem="update" outcome="started"
2026-09-23T17:00:16.100582Z  INFO herdr::logging: checking for updates event="update.check.start" subsystem="update" outcome="started"
2026-09-23T17:18:53.364857Z  INFO herdr::server::headless: client detached client_id=12
2026-09-23T17:30:16.112789Z  INFO herdr::logging: checking for updates event="update.check.start" subsystem="update" outcome="started"
2026-09-23T18:00:16.088685Z  INFO herdr::logging: checking for updates event="update.check.start" subsystem="update" outcome="started"
2026-09-23T18:30:16.077477Z  INFO herdr::logging: checking for updates event="update.check.start" subsystem="update" outcome="started"
2026-09-23T19:00:16.091357Z  INFO herdr::logging: checking for updates event="update.check.start" subsystem="update" outcome="started"
2026-09-23T19:30:16.137541Z  INFO herdr::logging: checking for updates event="update.check.start" subsystem="update" outcome="started"
2026-09-23T20:00:16.160731Z  INFO herdr::logging: checking for updates event="update.check.start" subsystem="update" outcome="started"
2026-09-23T20:30:16.178665Z  INFO herdr::logging: checking for updates event="update.check.start" subsystem="update" outcome="started"
2026-09-23T21:00:16.127195Z  INFO herdr::logging: checking for updates event="update.check.start" subsystem="update" outcome="started"
2026-09-23T21:30:16.107403Z  INFO herdr::logging: checking for updates event="update.check.start" subsystem="update" outcome="started"
2026-09-23T22:00:16.134446Z  INFO herdr::logging: checking for updates event="update.check.start" subsystem="update" outcome="started"
2026-09-23T22:30:16.150433Z  INFO herdr::logging: checking for updates event="update.check.start" subsystem="update" outcome="started"
2026-09-23T23:00:16.124817Z  INFO herdr::logging: checking for updates event="update.check.start" subsystem="update" outcome="started"
2026-09-23T23:30:16.135350Z  INFO herdr::logging: checking for updates event="update.check.start" subsystem="update" outcome="started"
2026-09-24T00:00:16.146709Z  INFO herdr::logging: checking for updates event="update.check.start" subsystem="update" outcome="started"
2026-09-24T00:30:16.111604Z  INFO herdr::logging: checking for updates event="update.check.start" subsystem="update" outcome="started"
2026-09-24T01:00:16.149572Z  INFO herdr::logging: checking for updates event="update.check.start" subsystem="update" outcome="started"
2026-09-24T01:30:16.150528Z  INFO herdr::logging: checking for updates event="update.check.start" subsystem="update" outcome="started"
2026-09-24T02:00:16.175817Z  INFO herdr::logging: checking for updates event="update.check.start" subsystem="update" outcome="started"
2026-09-24T02:30:16.180750Z  INFO herdr::logging: checking for updates event="update.check.start" subsystem="update" outcome="started"
2026-09-24T03:00:16.161217Z  INFO herdr::logging: checking for updates event="update.check.start" subsystem="update" outcome="started"
2026-09-24T03:30:16.150693Z  INFO herdr::logging: checking for updates event="update.check.start" subsystem="update" outcome="started"
2026-09-24T04:00:16.176694Z  INFO herdr::logging: checking for updates event="update.check.start" subsystem="update" outcome="started"
2026-09-24T04:30:16.127294Z  INFO herdr::logging: checking for updates event="update.check.start" subsystem="update" outcome="started"
2026-09-24T05:00:16.108726Z  INFO herdr::logging: checking for updates event="update.check.start" subsystem="update" outcome="started"
2026-09-24T05:30:16.091790Z  INFO herdr::logging: checking for updates event="update.check.start" subsystem="update" outcome="started"
2026-09-24T06:00:16.139120Z  INFO herdr::logging: checking for updates event="update.check.start" subsystem="update" outcome="started"
2026-09-24T06:30:16.157625Z  INFO herdr::logging: checking for updates event="update.check.start" subsystem="update" outcome="started"
2026-09-24T07:00:16.135560Z  INFO herdr::logging: checking for updates event="update.check.start" subsystem="update" outcome="started"
2026-09-24T07:30:16.176956Z  INFO herdr::logging: checking for updates event="update.check.start" subsystem="update" outcome="started"
2026-09-24T08:00:16.193667Z  INFO herdr::logging: checking for updates event="update.check.start" subsystem="update" outcome="started"
2026-09-24T08:30:16.199070Z  INFO herdr::logging: checking for updates event="update.check.start" subsystem="update" outcome="started"
2026-09-24T09:00:16.197274Z  INFO herdr::logging: checking for updates event="update.check.start" subsystem="update" outcome="started"
2026-09-24T09:30:16.190615Z  INFO herdr::logging: checking for updates event="update.check.start" subsystem="update" outcome="started"
2026-09-24T10:00:16.139433Z  INFO herdr::logging: checking for updates event="update.check.start" subsystem="update" outcome="started"
2026-09-24T10:30:16.166733Z  INFO herdr::logging: checking for updates event="update.check.start" subsystem="update" outcome="started"
2026-09-24T11:00:16.130217Z  INFO herdr::logging: checking for updates event="update.check.start" subsystem="update" outcome="started"
2026-09-24T11:30:16.117084Z  INFO herdr::logging: checking for updates event="update.check.start" subsystem="update" outcome="started"
2026-09-24T12:00:16.183961Z  INFO herdr::logging: checking for updates event="update.check.start" subsystem="update" outcome="started"
2026-09-24T12:30:16.199379Z  INFO herdr::logging: checking for updates event="update.check.start" subsystem="update" outcome="started"
2026-09-24T13:00:16.203396Z  INFO herdr::logging: checking for updates event="update.check.start" subsystem="update" outcome="started"
2026-09-24T13:30:16.177126Z  INFO herdr::logging: checking for updates event="update.check.start" subsystem="update" outcome="started"
2026-09-24T14:00:16.135687Z  INFO herdr::logging: checking for updates event="update.check.start" subsystem="update" outcome="started"
2026-09-24T14:30:16.148183Z  INFO herdr::logging: checking for updates event="update.check.start" subsystem="update" outcome="started"
2026-09-24T15:00:16.177442Z  INFO herdr::logging: checking for updates event="update.check.start" subsystem="update" outcome="started"
2026-09-24T15:30:16.175772Z  INFO herdr::logging: checking for updates event="update.check.start" subsystem="update" outcome="started"
2026-09-24T16:00:16.181985Z  INFO herdr::logging: checking for updates event="update.check.start" subsystem="update" outcome="started"
2026-09-24T16:30:16.201210Z  INFO herdr::logging: checking for updates event="update.check.start" subsystem="update" outcome="started"
2026-09-24T17:00:16.203401Z  INFO herdr::logging: checking for updates event="update.check.start" subsystem="update" outcome="started"
2026-09-24T17:30:16.205091Z  INFO herdr::logging: checking for updates event="update.check.start" subsystem="update" outcome="started"
2026-09-24T18:00:16.218562Z  INFO herdr::logging: checking for updates event="update.check.start" subsystem="update" outcome="started"
2026-09-24T18:30:16.192995Z  INFO herdr::logging: checking for updates event="update.check.start" subsystem="update" outcome="started"
2026-09-24T19:00:16.190010Z  INFO herdr::logging: checking for updates event="update.check.start" subsystem="update" outcome="started"
2026-09-24T19:30:16.178393Z  INFO herdr::logging: checking for updates event="update.check.start" subsystem="update" outcome="started"
2026-09-24T20:00:16.208005Z  INFO herdr::logging: checking for updates event="update.check.start" subsystem="update" outcome="started"
